// Jest Snapshot v1, https://goo.gl/fbAQLP

exports[`Video component should render a components 1`] = `
<div
  data-testid="video"
>
  <a
    href="https://www.youtube.com/watch?v=123123"
  >
    <img
      src="asd"
      style="display: none;"
    />
  </a>
  <span>
    <span
      class="react-loading-skeleton css-1eg0sfo-skeletonStyles-Skeleton"
      style="width: 100%; height: 195px;"
    >
      ‌
    </span>
  </span>
  <div>
    <a
      href="https://www.youtube.com/channel/UCz7ttPTNO_S1PS9rNsCt_iA"
    >
      <img
        src="asdasd"
        style="display: none;"
      />
    </a>
    <span>
      <span
        class="react-loading-skeleton css-1eg0sfo-skeletonStyles-Skeleton"
        style="margin-right: 10px; margin-top: 50%; width: 36px; height: 36px; border-radius: 50%;"
      >
        ‌
      </span>
    </span>
    <div>
      <a
        href="https://www.youtube.com/watch?v=123123"
      >
        <p>
          Js
        </p>
      </a>
      <p>
        learn js
      </p>
      <div>
        <p>
          Views 
          123123
        </p>
        <p>
          Likes 
          123123
        </p>
      </div>
    </div>
  </div>
</div>
`;
